This is pdfTeX, Version 3.141592653-2.6-1.40.26 (TeX Live 2024) (preloaded format=pdflatex 2024.11.4)  11 AUG 2026 22:58
entering extended mode
 restricted \write18 enabled.
 %&-line parsing enabled.
**main.tex
(./main.tex
LaTeX2e <2024-11-01>
L3 programming layer <2024-10-09>
(./article.cls
Document Class: article 2000/05/19 v1.4b Standard LaTeX document class
(c:/texlive/2024/texmf-dist/tex/latex/base/size10.clo
File: size10.clo 2024/06/29 v1.4n Standard LaTeX file (size option)
)
\c@part=\count196
\c@section=\count197
\c@subsection=\count198
\c@subsubsection=\count199
\c@paragraph=\count266
\c@subparagraph=\count267
\c@figure=\count268
\c@table=\count269
\abovecaptionskip=\skip49
\belowcaptionskip=\skip50
\bibindent=\dimen141
)
(c:/texlive/2024/texmf-dist/tex/latex/graphics/epsfig.sty
Package: epsfig 2024/01/14 v1.7b (e)psfig emulation (SPQR)

(c:/texlive/2024/texmf-dist/tex/latex/graphics/graphicx.sty
Package: graphicx 2021/09/16 v1.2d Enhanced LaTeX Graphics (DPC,SPQR)

(c:/texlive/2024/texmf-dist/tex/latex/graphics/keyval.sty
Package: keyval 2022/05/29 v1.15 key=value parser (DPC)
\KV@toks@=\toks17
)
(c:/texlive/2024/texmf-dist/tex/latex/graphics/graphics.sty
Package: graphics 2024/08/06 v1.4g Standard LaTeX Graphics (DPC,SPQR)

(c:/texlive/2024/texmf-dist/tex/latex/graphics/trig.sty
Package: trig 2023/12/02 v1.11 sin cos tan (DPC)
)
(c:/texlive/2024/texmf-dist/tex/latex/graphics-cfg/graphics.cfg
File: graphics.cfg 2016/06/04 v1.11 sample graphics configuration
)
Package graphics Info: Driver file: pdftex.def on input line 106.

(c:/texlive/2024/texmf-dist/tex/latex/graphics-def/pdftex.def
File: pdftex.def 2024/04/13 v1.2c Graphics/color driver for pdftex
))
\Gin@req@height=\dimen142
\Gin@req@width=\dimen143
)
\epsfxsize=\dimen144
\epsfysize=\dimen145
)
(c:/texlive/2024/texmf-dist/tex/latex/caption/subcaption.sty
Package: subcaption 2023/07/28 v1.6b Sub-captions (AR)

(c:/texlive/2024/texmf-dist/tex/latex/caption/caption.sty
Package: caption 2023/08/05 v3.6o Customizing captions (AR)

(c:/texlive/2024/texmf-dist/tex/latex/caption/caption3.sty
Package: caption3 2023/07/31 v2.4d caption3 kernel (AR)
\caption@tempdima=\dimen146
\captionmargin=\dimen147
\caption@leftmargin=\dimen148
\caption@rightmargin=\dimen149
\caption@width=\dimen150
\caption@indent=\dimen151
\caption@parindent=\dimen152
\caption@hangindent=\dimen153
Package caption Info: Standard document class detected.
)
\c@caption@flags=\count270
\c@continuedfloat=\count271
)
Package caption Info: New subtype `subfigure' on input line 238.
\c@subfigure=\count272
Package caption Info: New subtype `subtable' on input line 238.
\c@subtable=\count273
)
(c:/texlive/2024/texmf-dist/tex/latex/tools/calc.sty
Package: calc 2023/07/08 v4.3 Infix arithmetic (KKT,FJ)
\calc@Acount=\count274
\calc@Bcount=\count275
\calc@Adimen=\dimen154
\calc@Bdimen=\dimen155
\calc@Askip=\skip51
\calc@Bskip=\skip52
LaTeX Info: Redefining \setlength on input line 80.
LaTeX Info: Redefining \addtolength on input line 81.
\calc@Ccount=\count276
\calc@Cskip=\skip53
)
(c:/texlive/2024/texmf-dist/tex/latex/amsfonts/amssymb.sty
Package: amssymb 2013/01/14 v3.01 AMS font symbols

(c:/texlive/2024/texmf-dist/tex/latex/amsfonts/amsfonts.sty
Package: amsfonts 2013/01/14 v3.01 Basic AMSFonts support
\@emptytoks=\toks18
\symAMSa=\mathgroup4
\symAMSb=\mathgroup5
LaTeX Font Info:    Redeclaring math symbol \hbar on input line 98.
LaTeX Font Info:    Overwriting math alphabet `\mathfrak' in version `bold'
(Font)                  U/euf/m/n --> U/euf/b/n on input line 106.
))
(c:/texlive/2024/texmf-dist/tex/latex/amsmath/amstext.sty
Package: amstext 2021/08/26 v2.01 AMS text

(c:/texlive/2024/texmf-dist/tex/latex/amsmath/amsgen.sty
File: amsgen.sty 1999/11/30 v2.0 generic functions
\@emptytoks=\toks19
\ex@=\dimen156
))
(c:/texlive/2024/texmf-dist/tex/latex/amsmath/amsmath.sty
Package: amsmath 2024/10/30 v2.17s AMS math features
\@mathmargin=\skip54

For additional information on amsmath, use the `?' option.
(c:/texlive/2024/texmf-dist/tex/latex/amsmath/amsbsy.sty
Package: amsbsy 1999/11/29 v1.2d Bold Symbols
\pmbraise@=\dimen157
)
(c:/texlive/2024/texmf-dist/tex/latex/amsmath/amsopn.sty
Package: amsopn 2022/04/08 v2.04 operator names
)
\inf@bad=\count277
LaTeX Info: Redefining \frac on input line 233.
\uproot@=\count278
\leftroot@=\count279
LaTeX Info: Redefining \overline on input line 398.
LaTeX Info: Redefining \colon on input line 409.
\classnum@=\count280
\DOTSCASE@=\count281
LaTeX Info: Redefining \ldots on input line 502.
LaTeX Info: Redefining \dots on input line 505.
LaTeX Info: Redefining \cdots on input line 638.
\Mathstrutbox@=\box52
\strutbox@=\box53
LaTeX Info: Redefining \big on input line 740.
LaTeX Info: Redefining \Big on input line 741.
LaTeX Info: Redefining \bigg on input line 742.
LaTeX Info: Redefining \Bigg on input line 743.
\big@size=\dimen158
LaTeX Font Info:    Redeclaring font encoding OML on input line 761.
LaTeX Font Info:    Redeclaring font encoding OMS on input line 762.
\macc@depth=\count282
LaTeX Info: Redefining \bmod on input line 923.
LaTeX Info: Redefining \pmod on input line 928.
LaTeX Info: Redefining \smash on input line 958.
LaTeX Info: Redefining \relbar on input line 988.
LaTeX Info: Redefining \Relbar on input line 989.
\c@MaxMatrixCols=\count283
\dotsspace@=\muskip17
\c@parentequation=\count284
\dspbrk@lvl=\count285
\tag@help=\toks20
\row@=\count286
\column@=\count287
\maxfields@=\count288
\andhelp@=\toks21
\eqnshift@=\dimen159
\alignsep@=\dimen160
\tagshift@=\dimen161
\tagwidth@=\dimen162
\totwidth@=\dimen163
\lineht@=\dimen164
\@envbody=\toks22
\multlinegap=\skip55
\multlinetaggap=\skip56
\mathdisplay@stack=\toks23
LaTeX Info: Redefining \[ on input line 2972.
LaTeX Info: Redefining \] on input line 2973.
)
(c:/texlive/2024/texmf-dist/tex/latex/amscls/amsthm.sty
Package: amsthm 2020/05/29 v2.20.6
\thm@style=\toks24
\thm@bodyfont=\toks25
\thm@headfont=\toks26
\thm@notefont=\toks27
\thm@headpunct=\toks28
\thm@preskip=\skip57
\thm@postskip=\skip58
\thm@headsep=\skip59
\dth@everypar=\toks29
)
(c:/texlive/2024/texmf-dist/tex/latex/tools/multicol.sty
Package: multicol 2024/09/14 v1.9i multicolumn formatting (FMi)
\c@tracingmulticols=\count289
\mult@box=\box54
\multicol@leftmargin=\dimen165
\c@unbalance=\count290
\c@collectmore=\count291
\doublecol@number=\count292
\multicoltolerance=\count293
\multicolpretolerance=\count294
\full@width=\dimen166
\page@free=\dimen167
\premulticols=\dimen168
\postmulticols=\dimen169
\multicolsep=\skip60
\multicolbaselineskip=\skip61
\partial@page=\box55
\last@line=\box56
\mc@boxedresult=\box57
\maxbalancingoverflow=\dimen170
\mult@rightbox=\box58
\mult@grightbox=\box59
\mult@firstbox=\box60
\mult@gfirstbox=\box61
\@tempa=\box62
\@tempa=\box63
\@tempa=\box64
\@tempa=\box65
\@tempa=\box66
\@tempa=\box67
\@tempa=\box68
\@tempa=\box69
\@tempa=\box70
\@tempa=\box71
\@tempa=\box72
\@tempa=\box73
\@tempa=\box74
\@tempa=\box75
\@tempa=\box76
\@tempa=\box77
\@tempa=\box78
\@tempa=\box79
\@tempa=\box80
\@tempa=\box81
\@tempa=\box82
\@tempa=\box83
\@tempa=\box84
\@tempa=\box85
\@tempa=\box86
\@tempa=\box87
\@tempa=\box88
\@tempa=\box89
\@tempa=\box90
\@tempa=\box91
\@tempa=\box92
\@tempa=\box93
\@tempa=\box94
\@tempa=\box95
\@tempa=\box96
\@tempa=\box97
\c@minrows=\count295
\c@columnbadness=\count296
\c@finalcolumnbadness=\count297
\last@try=\dimen171
\multicolovershoot=\dimen172
\multicolundershoot=\dimen173
\mult@nat@firstbox=\box98
\colbreak@box=\box99
\mc@col@check@num=\count298
)
(c:/texlive/2024/texmf-dist/tex/latex/pslatex/pslatex.sty
Package: pslatex 2021/01/13 v1.3 pslatex emulation (DPC)
LaTeX Font Info:    Redeclaring symbol font `operators' on input line 66.
LaTeX Font Info:    Overwriting symbol font `operators' in version `normal'
(Font)                  OT1/cmr/m/n --> OT1/ptmcm/m/n on input line 66.
LaTeX Font Info:    Overwriting symbol font `operators' in version `bold'
(Font)                  OT1/cmr/bx/n --> OT1/ptmcm/m/n on input line 66.
LaTeX Font Info:    Redeclaring symbol font `letters' on input line 67.
LaTeX Font Info:    Overwriting symbol font `letters' in version `normal'
(Font)                  OML/cmm/m/it --> OML/ptmcm/m/it on input line 67.
LaTeX Font Info:    Overwriting symbol font `letters' in version `bold'
(Font)                  OML/cmm/b/it --> OML/ptmcm/m/it on input line 67.
LaTeX Font Info:    Redeclaring symbol font `symbols' on input line 68.
LaTeX Font Info:    Overwriting symbol font `symbols' in version `normal'
(Font)                  OMS/cmsy/m/n --> OMS/pzccm/m/n on input line 68.
LaTeX Font Info:    Overwriting symbol font `symbols' in version `bold'
(Font)                  OMS/cmsy/b/n --> OMS/pzccm/m/n on input line 68.
LaTeX Font Info:    Redeclaring symbol font `largesymbols' on input line 69.
LaTeX Font Info:    Overwriting symbol font `largesymbols' in version `normal'
(Font)                  OMX/cmex/m/n --> OMX/psycm/m/n on input line 69.
LaTeX Font Info:    Overwriting symbol font `largesymbols' in version `bold'
(Font)                  OMX/cmex/m/n --> OMX/psycm/m/n on input line 69.
\symbold=\mathgroup6
\symitalic=\mathgroup7
LaTeX Font Info:    Redeclaring math alphabet \mathbf on input line 75.
LaTeX Font Info:    Overwriting math alphabet `\mathbf' in version `normal'
(Font)                  OT1/cmr/bx/n --> OT1/ptm/bx/n on input line 75.
LaTeX Font Info:    Overwriting math alphabet `\mathbf' in version `bold'
(Font)                  OT1/cmr/bx/n --> OT1/ptm/bx/n on input line 75.
LaTeX Font Info:    Redeclaring math alphabet \mathit on input line 76.
LaTeX Font Info:    Overwriting math alphabet `\mathit' in version `normal'
(Font)                  OT1/cmr/m/it --> OT1/ptm/m/it on input line 76.
LaTeX Font Info:    Overwriting math alphabet `\mathit' in version `bold'
(Font)                  OT1/cmr/bx/it --> OT1/ptm/m/it on input line 76.
) (./apalike.sty
\bibhang=\skip62
)
(c:/texlive/2024/texmf-dist/tex/latex/url/url.sty
\Urlmuskip=\muskip18
Package: url 2013/09/16  ver 3.4  Verb mode for urls, etc.
)
(c:/texlive/2024/texmf-dist/tex/latex/algorithm2e/algorithm2e.sty
Package: algorithm2e 2017/07/18 v5.2 algorithms environments
\c@AlgoLine=\count299

(c:/texlive/2024/texmf-dist/tex/latex/base/ifthen.sty
Package: ifthen 2024/03/16 v1.1e Standard LaTeX ifthen package (DPC)
)
\algocf@hangindent=\skip63

(c:/texlive/2024/texmf-dist/tex/latex/ifoddpage/ifoddpage.sty
Package: ifoddpage 2022/10/18 v1.2 Conditionals for odd/even page detection
\c@checkoddpage=\count300
)
(c:/texlive/2024/texmf-dist/tex/latex/tools/xspace.sty
Package: xspace 2014/10/28 v1.13 Space after command names (DPC,MH)
)
(c:/texlive/2024/texmf-dist/tex/latex/relsize/relsize.sty
Package: relsize 2013/03/29 ver 4.1
)
\skiptotal=\skip64
\skiplinenumber=\skip65
\skiprule=\skip66
\skiphlne=\skip67
\skiptext=\skip68
\skiplength=\skip69
\algomargin=\skip70
\skipalgocfslide=\skip71
\algowidth=\dimen174
\inoutsize=\dimen175
\inoutindent=\dimen176
\interspacetitleruled=\dimen177
\interspacealgoruled=\dimen178
\interspacetitleboxruled=\dimen179
\algocf@ruledwidth=\skip72
\algocf@inoutbox=\box100
\algocf@inputbox=\box101
\AlCapSkip=\skip73
\AlCapHSkip=\skip74
\algoskipindent=\skip75
\algocf@nlbox=\box102
\algocf@hangingbox=\box103
\algocf@untilbox=\box104
\algocf@skipuntil=\skip76
\algocf@capbox=\box105
\algocf@lcaptionbox=\skip77
\algoheightruledefault=\skip78
\algoheightrule=\skip79
\algotitleheightruledefault=\skip80
\algotitleheightrule=\skip81
\c@algocfline=\count301
\c@algocfproc=\count302
\c@algocf=\count303
\algocf@algoframe=\box106
\algocf@algobox=\box107
)
(c:/texlive/2024/texmf-dist/tex/latex/footmisc/footmisc.sty
Package: footmisc 2023/07/05 v6.0f a miscellany of footnote facilities
\FN@temptoken=\toks30
\footnotemargin=\dimen180
\@outputbox@depth=\dimen181
Package footmisc Info: Declaring symbol style bringhurst on input line 696.
Package footmisc Info: Declaring symbol style chicago on input line 704.
Package footmisc Info: Declaring symbol style wiley on input line 713.
Package footmisc Info: Declaring symbol style lamport-robust on input line 724.

Package footmisc Info: Declaring symbol style lamport* on input line 744.
Package footmisc Info: Declaring symbol style lamport*-robust on input line 765
.
) (./SCITEPRESS.sty
Conference Style for SCITEPRESS for LaTeX 2e -- version of May 2023
\titlebox=\skip82
) (c:/texlive/2024/texmf-dist/tex/latex/makecell/makecell.sty
Package: makecell 2009/08/03 V0.1e Managing of Tab Column Heads and Cells

(c:/texlive/2024/texmf-dist/tex/latex/tools/array.sty
Package: array 2024/10/17 v2.6g Tabular extension package (FMi)
\col@sep=\dimen182
\ar@mcellbox=\box108
\extrarowheight=\dimen183
\NC@list=\toks31
\extratabsurround=\skip83
\backup@length=\skip84
\ar@cellbox=\box109
)
\rotheadsize=\dimen184
\c@nlinenum=\count304
\TeXr@lab=\toks32
)
(c:/texlive/2024/texmf-dist/tex/latex/booktabs/booktabs.sty
Package: booktabs 2020/01/12 v1.61803398 Publication quality tables
\heavyrulewidth=\dimen185
\lightrulewidth=\dimen186
\cmidrulewidth=\dimen187
\belowrulesep=\dimen188
\belowbottomsep=\dimen189
\aboverulesep=\dimen190
\abovetopsep=\dimen191
\cmidrulesep=\dimen192
\cmidrulekern=\dimen193
\defaultaddspace=\dimen194
\@cmidla=\count305
\@cmidlb=\count306
\@aboverulesep=\dimen195
\@belowrulesep=\dimen196
\@thisruleclass=\count307
\@lastruleclass=\count308
\@thisrulewidth=\dimen197
)
(c:/texlive/2024/texmf-dist/tex/latex/multirow/multirow.sty
Package: multirow 2021/03/15 v2.8 Span multiple rows of a table
\multirow@colwidth=\skip85
\multirow@cntb=\count309
\multirow@dima=\skip86
\bigstrutjot=\dimen198
)
(c:/texlive/2024/texmf-dist/tex/latex/sttools/stfloats.sty
Package: stfloats 2017/03/27 v3.3 Improve float mechanism and baselineskip sett
ings
\@dblbotnum=\count310
\c@dblbotnumber=\count311
)
(c:/texlive/2024/texmf-dist/tex/latex/float/float.sty
Package: float 2001/11/08 v1.3d Float enhancements (AL)
\c@float@type=\count312
\float@exts=\toks33
\float@box=\box110
\@float@everytoks=\toks34
\@floatcapt=\box111
)
(c:/texlive/2024/texmf-dist/tex/latex/l3backend/l3backend-pdftex.def
File: l3backend-pdftex.def 2024-05-08 L3 backend support: PDF output (pdfTeX)
\l__color_backend_stack_int=\count313
\l__pdf_internal_box=\box112
)
(./main.aux

LaTeX Warning: Label `table:robbothlayermodule' multiply defined.

)
\openout1 = `main.aux'.

LaTeX Font Info:    Checking defaults for OML/cmm/m/it on input line 24.
LaTeX Font Info:    ... okay on input line 24.
LaTeX Font Info:    Checking defaults for OMS/pzccm/m/n on input line 24.
LaTeX Font Info:    Trying to load font information for OMS+pzccm on input line
 24.
 (c:/texlive/2024/texmf-dist/tex/latex/psnfss/omspzccm.fd
File: omspzccm.fd 2000/01/03 Fontinst v1.801 font definitions for OMS/pzccm.
)
LaTeX Font Info:    ... okay on input line 24.
LaTeX Font Info:    Checking defaults for OT1/cmr/m/n on input line 24.
LaTeX Font Info:    ... okay on input line 24.
LaTeX Font Info:    Checking defaults for T1/cmr/m/n on input line 24.
LaTeX Font Info:    ... okay on input line 24.
LaTeX Font Info:    Checking defaults for TS1/cmr/m/n on input line 24.
LaTeX Font Info:    ... okay on input line 24.
LaTeX Font Info:    Checking defaults for OMX/cmex/m/n on input line 24.
LaTeX Font Info:    ... okay on input line 24.
LaTeX Font Info:    Checking defaults for U/cmr/m/n on input line 24.
LaTeX Font Info:    ... okay on input line 24.

(c:/texlive/2024/texmf-dist/tex/context/base/mkii/supp-pdf.mkii
[Loading MPS to PDF converter (version 2006.09.02).]
\scratchcounter=\count314
\scratchdimen=\dimen199
\scratchbox=\box113
\nofMPsegments=\count315
\nofMParguments=\count316
\everyMPshowfont=\toks35
\MPscratchCnt=\count317
\MPscratchDim=\dimen256
\MPnumerator=\count318
\makeMPintoPDFobject=\count319
\everyMPtoPDFconversion=\toks36
) (c:/texlive/2024/texmf-dist/tex/latex/epstopdf-pkg/epstopdf-base.sty
Package: epstopdf-base 2020-01-24 v2.11 Base part for package epstopdf
Package epstopdf-base Info: Redefining graphics rule for `.eps' on input line 4
85.

(c:/texlive/2024/texmf-dist/tex/latex/latexconfig/epstopdf-sys.cfg
File: epstopdf-sys.cfg 2010/07/13 v1.3 Configuration of (r)epstopdf for TeX Liv
e
))
Package caption Info: Begin \AtBeginDocument code.
Package caption Info: float package is loaded.
Package caption Info: End \AtBeginDocument code.
Package epstopdf Info: Source file: <orcid.eps>
(epstopdf)                    date: 2026-08-11 22:56:34
(epstopdf)                    size: 975258 bytes
(epstopdf)             Output file: <orcid-eps-converted-to.pdf>
(epstopdf)                    date: 2026-08-11 22:57:07
(epstopdf)                    size: 11806 bytes
(epstopdf)             Command: <repstopdf --outfile=orcid-eps-converted-to.pdf
 orcid.eps>
(epstopdf)             \includegraphics on input line 55.
Package epstopdf Info: Output file is already uptodate.
<orcid-eps-converted-to.pdf, id=1, 598.235pt x 598.235pt>
File: orcid-eps-converted-to.pdf Graphic file (type pdf)
<use orcid-eps-converted-to.pdf>
Package pdftex.def Info: orcid-eps-converted-to.pdf  used on input line 55.
(pdftex.def)             Requested size: 8.5359pt x 8.53497pt.
LaTeX Font Info:    Calculating math sizes for size <11> on input line 55.
LaTeX Font Info:    Trying to load font information for OT1+ptmcm on input line
 55.

(c:/texlive/2024/texmf-dist/tex/latex/psnfss/ot1ptmcm.fd
File: ot1ptmcm.fd 2000/01/03 Fontinst v1.801 font definitions for OT1/ptmcm.
)
LaTeX Font Info:    Trying to load font information for OML+ptmcm on input line
 55.

(c:/texlive/2024/texmf-dist/tex/latex/psnfss/omlptmcm.fd
File: omlptmcm.fd 2000/01/03 Fontinst v1.801 font definitions for OML/ptmcm.
)
LaTeX Font Info:    Trying to load font information for OMX+psycm on input line
 55.

(c:/texlive/2024/texmf-dist/tex/latex/psnfss/omxpsycm.fd
File: omxpsycm.fd 2000/01/03 Fontinst v1.801 font definitions for OMX/psycm.
)
LaTeX Font Info:    Trying to load font information for U+msa on input line 55.


(c:/texlive/2024/texmf-dist/tex/latex/amsfonts/umsa.fd
File: umsa.fd 2013/01/14 v3.01 AMS symbols A
)
LaTeX Font Info:    Trying to load font information for U+msb on input line 55.


(c:/texlive/2024/texmf-dist/tex/latex/amsfonts/umsb.fd
File: umsb.fd 2013/01/14 v3.01 AMS symbols B
)
LaTeX Font Info:    Font shape `OT1/ptm/bx/n' in size <11> not available
(Font)              Font shape `OT1/ptm/b/n' tried instead on input line 55.
LaTeX Font Info:    Font shape `OT1/ptm/bx/n' in size <7.69997> not available
(Font)              Font shape `OT1/ptm/b/n' tried instead on input line 55.
LaTeX Font Info:    Font shape `OT1/ptm/bx/n' in size <5.5> not available
(Font)              Font shape `OT1/ptm/b/n' tried instead on input line 55.
Package epstopdf Info: Source file: <orcid.eps>
(epstopdf)                    date: 2026-08-11 22:56:34
(epstopdf)                    size: 975258 bytes
(epstopdf)             Output file: <orcid-eps-converted-to.pdf>
(epstopdf)                    date: 2026-08-11 22:57:07
(epstopdf)                    size: 11806 bytes
(epstopdf)             Command: <repstopdf --outfile=orcid-eps-converted-to.pdf
 orcid.eps>
(epstopdf)             \includegraphics on input line 55.
Package epstopdf Info: Output file is already uptodate.
File: orcid-eps-converted-to.pdf Graphic file (type pdf)
<use orcid-eps-converted-to.pdf>
Package pdftex.def Info: orcid-eps-converted-to.pdf  used on input line 55.
(pdftex.def)             Requested size: 8.5359pt x 8.53497pt.
Package epstopdf Info: Source file: <orcid.eps>
(epstopdf)                    date: 2026-08-11 22:56:34
(epstopdf)                    size: 975258 bytes
(epstopdf)             Output file: <orcid-eps-converted-to.pdf>
(epstopdf)                    date: 2026-08-11 22:57:07
(epstopdf)                    size: 11806 bytes
(epstopdf)             Command: <repstopdf --outfile=orcid-eps-converted-to.pdf
 orcid.eps>
(epstopdf)             \includegraphics on input line 55.
Package epstopdf Info: Output file is already uptodate.
File: orcid-eps-converted-to.pdf Graphic file (type pdf)
<use orcid-eps-converted-to.pdf>
Package pdftex.def Info: orcid-eps-converted-to.pdf  used on input line 55.
(pdftex.def)             Requested size: 8.5359pt x 8.53497pt.

Underfull \hbox (badness 10000) in paragraph at lines 55--55

 []

LaTeX Font Info:    Font shape `OT1/ptm/bx/n' in size <9> not available
(Font)              Font shape `OT1/ptm/b/n' tried instead on input line 55.
LaTeX Font Info:    Font shape `OT1/ptm/bx/n' in size <7> not available
(Font)              Font shape `OT1/ptm/b/n' tried instead on input line 55.
LaTeX Font Info:    Font shape `OT1/ptm/bx/n' in size <5> not available
(Font)              Font shape `OT1/ptm/b/n' tried instead on input line 55.
Package epstopdf Info: Source file: <orcid.eps>
(epstopdf)                    date: 2026-08-11 22:56:34
(epstopdf)                    size: 975258 bytes
(epstopdf)             Output file: <orcid-eps-converted-to.pdf>
(epstopdf)                    date: 2026-08-11 22:57:07
(epstopdf)                    size: 11806 bytes
(epstopdf)             Command: <repstopdf --outfile=orcid-eps-converted-to.pdf
 orcid.eps>
(epstopdf)             \includegraphics on input line 55.
Package epstopdf Info: Output file is already uptodate.
File: orcid-eps-converted-to.pdf Graphic file (type pdf)
<use orcid-eps-converted-to.pdf>
Package pdftex.def Info: orcid-eps-converted-to.pdf  used on input line 55.
(pdftex.def)             Requested size: 8.5359pt x 8.53497pt.
Package epstopdf Info: Source file: <orcid.eps>
(epstopdf)                    date: 2026-08-11 22:56:34
(epstopdf)                    size: 975258 bytes
(epstopdf)             Output file: <orcid-eps-converted-to.pdf>
(epstopdf)                    date: 2026-08-11 22:57:07
(epstopdf)                    size: 11806 bytes
(epstopdf)             Command: <repstopdf --outfile=orcid-eps-converted-to.pdf
 orcid.eps>
(epstopdf)             \includegraphics on input line 55.
Package epstopdf Info: Output file is already uptodate.
File: orcid-eps-converted-to.pdf Graphic file (type pdf)
<use orcid-eps-converted-to.pdf>
Package pdftex.def Info: orcid-eps-converted-to.pdf  used on input line 55.
(pdftex.def)             Requested size: 8.5359pt x 8.53497pt.
Package epstopdf Info: Source file: <orcid.eps>
(epstopdf)                    date: 2026-08-11 22:56:34
(epstopdf)                    size: 975258 bytes
(epstopdf)             Output file: <orcid-eps-converted-to.pdf>
(epstopdf)                    date: 2026-08-11 22:57:07
(epstopdf)                    size: 11806 bytes
(epstopdf)             Command: <repstopdf --outfile=orcid-eps-converted-to.pdf
 orcid.eps>
(epstopdf)             \includegraphics on input line 55.
Package epstopdf Info: Output file is already uptodate.
File: orcid-eps-converted-to.pdf Graphic file (type pdf)
<use orcid-eps-converted-to.pdf>
Package pdftex.def Info: orcid-eps-converted-to.pdf  used on input line 55.
(pdftex.def)             Requested size: 8.5359pt x 8.53497pt.
(./section_introduction.tex



[1{c:/texlive/2024/texmf-var/fonts/map/pdftex/updmap/pdftex.map}{c:/texlive/202
4/texmf-dist/fonts/enc/dvips/base/8r.enc}




 <./orcid-eps-converted-to.pdf>]
LaTeX Font Info:    Trying to load font information for TS1+ptm on input line 6
1.

(c:/texlive/2024/texmf-dist/tex/latex/psnfss/ts1ptm.fd
File: ts1ptm.fd 2001/06/04 font definitions for TS1/ptm.
)

) (./section_background.tex
Underfull \hbox (badness 1281) in paragraph at lines 50--51
\OT1/ptm/m/n/10 take an in-ter-est in the ro-bust-ness of de-ter-min-is-
 []



[2]
<images/ionization_path.png, id=16, 330.8611pt x 92.97235pt>
File: images/ionization_path.png Graphic file (type png)
<use images/ionization_path.png>
Package pdftex.def Info: images/ionization_path.png  used on input line 75.
(pdftex.def)             Requested size: 198.51819pt x 55.78383pt.


LaTeX Font Info:    Font shape `OT1/ptm/bx/n' in size <10> not available
(Font)              Font shape `OT1/ptm/b/n' tried instead on input line 114.
LaTeX Font Info:    Font shape `OT1/ptm/bx/n' in size <7.4> not available
(Font)              Font shape `OT1/ptm/b/n' tried instead on input line 114.
LaTeX Font Info:    Font shape `OT1/ptm/bx/n' in size <6> not available
(Font)              Font shape `OT1/ptm/b/n' tried instead on input line 114.
<images/bayesbybackprop3.png, id=18, 462.72874pt x 382.42876pt>
File: images/bayesbybackprop3.png Graphic file (type png)
<use images/bayesbybackprop3.png>
Package pdftex.def Info: images/bayesbybackprop3.png  used on input line 132.
(pdftex.def)             Requested size: 138.81969pt x 114.7295pt.
) (./section_methodology.tex
<images/shipsnet_samples.png, id=19, 1134.639pt x 273.9033pt>
File: images/shipsnet_samples.png Graphic file (type png)
<use images/shipsnet_samples.png>
Package pdftex.def Info: images/shipsnet_samples.png  used on input line 19.
(pdftex.def)             Requested size: 179.83371pt x 43.41165pt.


[3 <./images/ionization_path.png> <./images/bayesbybackprop3.png>]
Underfull \hbox (badness 1365) in paragraph at lines 39--40
\OT1/ptm/m/n/10 model will use neg-a-tive Ev-i-dence Lower Bound
 []


Overfull \hbox (7.30307pt too wide) detected at line 46
[][]  \OMS/pzccm/m/n/10 ^^Q  \U/msb/m/n/10 E[][] [] \OML/ptmcm/m/it/10 p\OT1/pt
mcm/m/n/10 (\OML/ptmcm/m/it/10 D \OMS/pzccm/m/n/10 j \OML/ptmcm/m/it/10 W\OT1/p
tmcm/m/n/10 )[]  \OMS/pzccm/m/n/10 ^^@  [][]\OML/ptmcm/m/it/10 q[]\OT1/ptmcm/m/
n/10 (\OML/ptmcm/m/it/10 W\OT1/ptmcm/m/n/10 ) \OMS/pzccm/m/n/10 k \OML/ptmcm/m/
it/10 p\OT1/ptmcm/m/n/10 (\OML/ptmcm/m/it/10 W\OT1/ptmcm/m/n/10 )[]
 []


Underfull \hbox (badness 1226) in paragraph at lines 48--49
\OT1/ptm/m/n/10 fer-ence (SVI), with mean-field as-sump-tion. All
 []


Underfull \hbox (badness 1097) in paragraph at lines 50--51
[]\OT1/ptm/b/n/10 Inference pro-ce-dure. \OT1/ptm/m/n/10 In-fer-ence in Bayesia
n
 []




Overfull \hbox (16.57587pt too wide) detected at line 69
[][]\OT1/ptmcm/m/n/10 (\OML/ptmcm/m/it/10 x\OT1/ptmcm/m/n/10 ) = [](0\OML/ptmcm
/m/it/10 ; xe[]\OT1/ptmcm/m/n/10 )
 []

<images/activation_functions_new_stacked.png, id=31, 576.7146pt x 750.8853pt>
File: images/activation_functions_new_stacked.png Graphic file (type png)
<use images/activation_functions_new_stacked.png>
Package pdftex.def Info: images/activation_functions_new_stacked.png  used on i
nput line 74.
(pdftex.def)             Requested size: 230.68175pt x 300.3488pt.

Overfull \hbox (17.26732pt too wide) in paragraph at lines 74--77
 [][] 
 []


LaTeX Warning: `h' float specifier changed to `ht'.


Underfull \hbox (badness 1210) in paragraph at lines 87--88
[]\OT1/ptm/m/n/10 While the de-ter-min-is-tic CNN model have 28
 []



[4 <./images/shipsnet_samples.png>]


Underfull \hbox (badness 1173) in paragraph at lines 176--177
\OT1/ptm/m/n/10 2,352 SEU in-jec-tions. This SEU in-jec-tions are
 []


Underfull \hbox (badness 1454) in paragraph at lines 176--177
\OT1/ptm/m/n/10 the com-bi-na-tion of 28 dif-fer-ent mod-els that we
 []


Underfull \hbox (badness 1412) in paragraph at lines 176--177
\OT1/ptm/m/n/10 have (4 model vari-a-tions and 7 ac-ti-va-tion func-
 []


Underfull \hbox (badness 1270) in paragraph at lines 176--177
\OT1/ptm/m/n/10 jec-tions, where each at-tack is spec-i-fied by $\OML/ptmcm/m/i
t/10 m \OMS/pzccm/m/n/10 2
 []



[5 <./images/activation_functions_new_stacked.png>]


Overfull \hbox (4.3581pt too wide) detected at line 237
 []$[]  [] \OT1/ptmcm/m/n/10 = []$ [][]  
 []

) (./section_results.tex

[6]
<robboth2.png, id=46, 611.4042pt x 379.4175pt>
File: robboth2.png Graphic file (type png)
<use robboth2.png>
Package pdftex.def Info: robboth2.png  used on input line 180.
(pdftex.def)             Requested size: 314.71243pt x 195.30666pt.




[7 <./robboth2.png>]
Overfull \hbox (11.78566pt too wide) in paragraph at lines 226--237
 [][] 
 []


LaTeX Warning: `h' float specifier changed to `ht'.




Underfull \hbox (badness 2005) in paragraph at lines 251--252
\OT1/ptm/m/n/10 As shown in Ta-ble 3[], \OT1/ptm/b/n/10 Model 2 (trained with
 []


Underfull \hbox (badness 1701) in paragraph at lines 251--252
\OT1/ptm/m/n/10 and ASD. Al-though AAAD is gen-er-ally sim-i-lar
 []


Overfull \hbox (14.00563pt too wide) in paragraph at lines 262--272
 [][] 
 []



[8]


Overfull \hbox (16.2256pt too wide) in paragraph at lines 307--321
 [][] 
 []



[9]
Overfull \hbox (0.64537pt too wide) in paragraph at lines 400--415
 [][] 
 []


LaTeX Warning: `h' float specifier changed to `ht'.


LaTeX Warning: `h' float specifier changed to `ht'.



<images/error-propagation-illustration-stacked.png, id=58, 356.33125pt x 612.28
75pt>
File: images/error-propagation-illustration-stacked.png Graphic file (type png)

<use images/error-propagation-illustration-stacked.png>
Package pdftex.def Info: images/error-propagation-illustration-stacked.png  use
d on input line 473.
(pdftex.def)             Requested size: 160.34756pt x 275.52682pt.

LaTeX Warning: `h' float specifier changed to `ht'.



[10]

LaTeX Warning: `h' float specifier changed to `ht'.




Overfull \hbox (11.78566pt too wide) in paragraph at lines 553--562
 [][] 
 []

) (./section_conclusion.tex

[11 <./images/error-propagation-illustration-stacked.png>]) (./main.bbl


Underfull \hbox (badness 1648) in paragraph at lines 101--105
[]\OT1/ptm/m/n/9 IEEE Com-puter So-ci-ety (2019).  IEEE Stan-dard for
 []



[12])



[13

] (./main.aux)
 ***********
LaTeX2e <2024-11-01>
L3 programming layer <2024-10-09>
 ***********


LaTeX Warning: There were multiply-defined labels.

 ) 
Here is how much of TeX's memory you used:
 6677 strings out of 473382
 108556 string characters out of 5725273
 516602 words of memory out of 5000000
 29626 multiletter control sequences out of 15000+600000
 615792 words of font info for 152 fonts, out of 8000000 for 9000
 1141 hyphenation exceptions out of 8191
 72i,18n,79p,2094b,361s stack positions out of 10000i,1000n,20000p,200000b,200000s
<c:/texlive/2024/texmf-dist/fonts/type1/public/amsfonts/cm/cmex10.pfb><c:/tex
live/2024/texmf-dist/fonts/type1/public/amsfonts/cmextra/cmex9.pfb><c:/texlive/
2024/texmf-dist/fonts/type1/public/amsfonts/cm/cmmi10.pfb><c:/texlive/2024/texm
f-dist/fonts/type1/public/amsfonts/cm/cmr10.pfb><c:/texlive/2024/texmf-dist/fon
ts/type1/public/amsfonts/cm/cmsy10.pfb><c:/texlive/2024/texmf-dist/fonts/type1/
public/amsfonts/symbols/msbm10.pfb><c:/texlive/2024/texmf-dist/fonts/type1/urw/
courier/ucrr8a.pfb><c:/texlive/2024/texmf-dist/fonts/type1/urw/symbol/usyr.pfb>
<c:/texlive/2024/texmf-dist/fonts/type1/urw/times/utmb8a.pfb><c:/texlive/2024/t
exmf-dist/fonts/type1/urw/times/utmr8a.pfb><c:/texlive/2024/texmf-dist/fonts/ty
pe1/urw/times/utmri8a.pfb><c:/texlive/2024/texmf-dist/fonts/type1/urw/zapfchan/
uzcmi8a.pfb>
Output written on main.pdf (13 pages, 490125 bytes).
PDF statistics:
 125 PDF objects out of 1000 (max. 8388607)
 71 compressed objects within 1 object stream
 0 named destinations out of 1000 (max. 500000)
 36 words of extra memory for PDF output out of 10000 (max. 10000000)

